src/pages/Products.tsx(4,43): error TS2307: Cannot find module '@/core/financialMetricsEngine' or its corresponding type declarations.
src/pages/Products.tsx(5,84): error TS2307: Cannot find module '@/types' or its corresponding type declarations.
src/pages/Products.tsx(6,28): error TS2307: Cannot find module '@/components/ui/PageHeader' or its corresponding type declarations.
src/pages/Products.tsx(7,24): error TS2307: Cannot find module '@/components/ui/Button' or its corresponding type declarations.
src/pages/Products.tsx(8,23): error TS2307: Cannot find module '@/components/ui/Input' or its corresponding type declarations.
src/pages/Products.tsx(9,23): error TS2307: Cannot find module '@/components/ui/Badge' or its corresponding type declarations.
src/pages/Products.tsx(10,22): error TS2307: Cannot find module '@/components/ui/Card' or its corresponding type declarations.
src/pages/Products.tsx(11,24): error TS2307: Cannot find module '@/components/ui/Select' or its corresponding type declarations.
src/pages/Products.tsx(12,24): error TS2307: Cannot find module '@/design/design-tokens' or its corresponding type declarations.
src/pages/Products.tsx(13,29): error TS2307: Cannot find module '@/hooks/useCurrency' or its corresponding type declarations.
src/pages/Products.tsx(14,32): error TS2307: Cannot find module '@/utils/errorHandler' or its corresponding type declarations.
src/pages/Products.tsx(312,5): error TS17004: Cannot use JSX unless the '--jsx' flag is provided.
src/pages/Products.tsx(313,7): error TS17004: Cannot use JSX unless the '--jsx' flag is provided.
src/pages/Products.tsx(322,7): error TS17004: Cannot use JSX unless the '--jsx' flag is provided.
src/pages/Products.tsx(327,13): error TS17004: Cannot use JSX unless the '--jsx' flag is provided.
src/pages/Products.tsx(334,21): error TS17004: Cannot use JSX unless the '--jsx' flag is provided.
src/pages/Products.tsx(343,7): error TS17004: Cannot use JSX unless the '--jsx' flag is provided.
src/pages/Products.tsx(345,9): error TS17004: Cannot use JSX unless the '--jsx' flag is provided.
src/pages/Products.tsx(346,11): error TS17004: Cannot use JSX unless the '--jsx' flag is provided.
src/pages/Products.tsx(347,11): error TS17004: Cannot use JSX unless the '--jsx' flag is provided.
src/pages/Products.tsx(354,13): error TS17004: Cannot use JSX unless the '--jsx' flag is provided.
src/pages/Products.tsx(358,15): error TS17004: Cannot use JSX unless the '--jsx' flag is provided.
src/pages/Products.tsx(364,9): error TS17004: Cannot use JSX unless the '--jsx' flag is provided.
src/pages/Products.tsx(365,11): error TS17004: Cannot use JSX unless the '--jsx' flag is provided.
src/pages/Products.tsx(366,13): error TS17004: Cannot use JSX unless the '--jsx' flag is provided.
src/pages/Products.tsx(367,13): error TS17004: Cannot use JSX unless the '--jsx' flag is provided.
src/pages/Products.tsx(373,15): error TS17004: Cannot use JSX unless the '--jsx' flag is provided.
src/pages/Products.tsx(374,15): error TS17004: Cannot use JSX unless the '--jsx' flag is provided.
src/pages/Products.tsx(375,15): error TS17004: Cannot use JSX unless the '--jsx' flag is provided.
src/pages/Products.tsx(379,11): error TS17004: Cannot use JSX unless the '--jsx' flag is provided.
src/pages/Products.tsx(380,13): error TS17004: Cannot use JSX unless the '--jsx' flag is provided.
src/pages/Products.tsx(385,7): error TS17004: Cannot use JSX unless the '--jsx' flag is provided.
src/pages/Products.tsx(387,9): error TS17004: Cannot use JSX unless the '--jsx' flag is provided.
src/pages/Products.tsx(392,15): error TS17004: Cannot use JSX unless the '--jsx' flag is provided.
src/pages/Products.tsx(393,17): error TS17004: Cannot use JSX unless the '--jsx' flag is provided.
src/pages/Products.tsx(394,19): error TS17004: Cannot use JSX unless the '--jsx' flag is provided.
src/pages/Products.tsx(395,21): error TS17004: Cannot use JSX unless the '--jsx' flag is provided.
src/pages/Products.tsx(396,21): error TS17004: Cannot use JSX unless the '--jsx' flag is provided.
src/pages/Products.tsx(398,19): error TS17004: Cannot use JSX unless the '--jsx' flag is provided.
src/pages/Products.tsx(403,17): error TS17004: Cannot use JSX unless the '--jsx' flag is provided.
src/pages/Products.tsx(404,19): error TS17004: Cannot use JSX unless the '--jsx' flag is provided.
src/pages/Products.tsx(405,21): error TS17004: Cannot use JSX unless the '--jsx' flag is provided.
src/pages/Products.tsx(406,21): error TS17004: Cannot use JSX unless the '--jsx' flag is provided.
src/pages/Products.tsx(408,19): error TS17004: Cannot use JSX unless the '--jsx' flag is provided.
src/pages/Products.tsx(409,21): error TS17004: Cannot use JSX unless the '--jsx' flag is provided.
src/pages/Products.tsx(410,21): error TS17004: Cannot use JSX unless the '--jsx' flag is provided.
src/pages/Products.tsx(414,17): error TS17004: Cannot use JSX unless the '--jsx' flag is provided.
src/pages/Products.tsx(415,19): error TS17004: Cannot use JSX unless the '--jsx' flag is provided.
src/pages/Products.tsx(416,21): error TS17004: Cannot use JSX unless the '--jsx' flag is provided.
src/pages/Products.tsx(419,21): error TS17004: Cannot use JSX unless the '--jsx' flag is provided.
src/pages/Products.tsx(420,23): error TS17004: Cannot use JSX unless the '--jsx' flag is provided.
src/pages/Products.tsx(424,21): error TS17004: Cannot use JSX unless the '--jsx' flag is provided.
src/pages/Products.tsx(437,23): error TS17004: Cannot use JSX unless the '--jsx' flag is provided.
src/pages/Products.tsx(443,23): error TS17004: Cannot use JSX unless the '--jsx' flag is provided.
src/pages/Products.tsx(451,25): error TS17004: Cannot use JSX unless the '--jsx' flag is provided.
src/pages/Products.tsx(454,23): error TS17004: Cannot use JSX unless the '--jsx' flag is provided.
src/pages/Products.tsx(462,25): error TS17004: Cannot use JSX unless the '--jsx' flag is provided.
src/pages/Products.tsx(471,13): error TS17004: Cannot use JSX unless the '--jsx' flag is provided.
src/pages/Products.tsx(476,9): error TS17004: Cannot use JSX unless the '--jsx' flag is provided.
src/pages/Products.tsx(477,11): error TS17004: Cannot use JSX unless the '--jsx' flag is provided.
src/pages/Products.tsx(478,13): error TS17004: Cannot use JSX unless the '--jsx' flag is provided.
src/pages/Products.tsx(479,15): error TS17004: Cannot use JSX unless the '--jsx' flag is provided.
src/pages/Products.tsx(480,17): error TS17004: Cannot use JSX unless the '--jsx' flag is provided.
src/pages/Products.tsx(481,19): error TS17004: Cannot use JSX unless the '--jsx' flag is provided.
src/pages/Products.tsx(482,19): error TS17004: Cannot use JSX unless the '--jsx' flag is provided.
src/pages/Products.tsx(483,19): error TS17004: Cannot use JSX unless the '--jsx' flag is provided.
src/pages/Products.tsx(484,19): error TS17004: Cannot use JSX unless the '--jsx' flag is provided.
src/pages/Products.tsx(485,19): error TS17004: Cannot use JSX unless the '--jsx' flag is provided.
src/pages/Products.tsx(486,19): error TS17004: Cannot use JSX unless the '--jsx' flag is provided.
src/pages/Products.tsx(489,15): error TS17004: Cannot use JSX unless the '--jsx' flag is provided.
src/pages/Products.tsx(494,21): error TS17004: Cannot use JSX unless the '--jsx' flag is provided.
src/pages/Products.tsx(495,23): error TS17004: Cannot use JSX unless the '--jsx' flag is provided.
src/pages/Products.tsx(496,23): error TS17004: Cannot use JSX unless the '--jsx' flag is provided.
src/pages/Products.tsx(497,23): error TS17004: Cannot use JSX unless the '--jsx' flag is provided.
src/pages/Products.tsx(498,23): error TS17004: Cannot use JSX unless the '--jsx' flag is provided.
src/pages/Products.tsx(499,23): error TS17004: Cannot use JSX unless the '--jsx' flag is provided.
src/pages/Products.tsx(500,25): error TS17004: Cannot use JSX unless the '--jsx' flag is provided.
src/pages/Products.tsx(504,23): error TS17004: Cannot use JSX unless the '--jsx' flag is provided.
src/pages/Products.tsx(505,25): error TS17004: Cannot use JSX unless the '--jsx' flag is provided.
src/pages/Products.tsx(506,27): error TS17004: Cannot use JSX unless the '--jsx' flag is provided.
src/pages/Products.tsx(507,29): error TS17004: Cannot use JSX unless the '--jsx' flag is provided.
src/pages/Products.tsx(510,29): error TS17004: Cannot use JSX unless the '--jsx' flag is provided.
src/pages/Products.tsx(511,31): error TS17004: Cannot use JSX unless the '--jsx' flag is provided.
src/pages/Products.tsx(515,29): error TS17004: Cannot use JSX unless the '--jsx' flag is provided.
src/pages/Products.tsx(526,31): error TS17004: Cannot use JSX unless the '--jsx' flag is provided.
src/pages/Products.tsx(532,31): error TS17004: Cannot use JSX unless the '--jsx' flag is provided.
src/pages/Products.tsx(541,33): error TS17004: Cannot use JSX unless the '--jsx' flag is provided.
src/pages/Products.tsx(544,31): error TS17004: Cannot use JSX unless the '--jsx' flag is provided.
src/pages/Products.tsx(553,33): error TS17004: Cannot use JSX unless the '--jsx' flag is provided.
src/pages/Products.tsx(563,19): error TS17004: Cannot use JSX unless the '--jsx' flag is provided.
src/pages/Products.tsx(564,21): error TS17004: Cannot use JSX unless the '--jsx' flag is provided.
src/pages/Products.tsx(577,11): error TS17004: Cannot use JSX unless the '--jsx' flag is provided.
src/pages/Products.tsx(584,13): error TS17004: Cannot use JSX unless the '--jsx' flag is provided.
src/pages/Products.tsx(585,15): error TS17004: Cannot use JSX unless the '--jsx' flag is provided.
src/pages/Products.tsx(586,17): error TS17004: Cannot use JSX unless the '--jsx' flag is provided.
src/pages/Products.tsx(587,17): error TS17004: Cannot use JSX unless the '--jsx' flag is provided.
src/pages/Products.tsx(587,85): error TS17004: Cannot use JSX unless the '--jsx' flag is provided.
src/pages/Products.tsx(590,15): error TS17004: Cannot use JSX unless the '--jsx' flag is provided.
src/pages/Products.tsx(592,17): error TS17004: Cannot use JSX unless the '--jsx' flag is provided.
src/pages/Products.tsx(593,19): error TS17004: Cannot use JSX unless the '--jsx' flag is provided.
src/pages/Products.tsx(594,21): error TS17004: Cannot use JSX unless the '--jsx' flag is provided.
src/pages/Products.tsx(601,21): error TS17004: Cannot use JSX unless the '--jsx' flag is provided.
src/pages/Products.tsx(609,19): error TS17004: Cannot use JSX unless the '--jsx' flag is provided.
src/pages/Products.tsx(610,21): error TS17004: Cannot use JSX unless the '--jsx' flag is provided.
src/pages/Products.tsx(611,23): error TS17004: Cannot use JSX unless the '--jsx' flag is provided.
src/pages/Products.tsx(615,25): error TS17004: Cannot use JSX unless the '--jsx' flag is provided.
src/pages/Products.tsx(617,23): error TS17004: Cannot use JSX unless the '--jsx' flag is provided.
src/pages/Products.tsx(622,21): error TS17004: Cannot use JSX unless the '--jsx' flag is provided.
src/pages/Products.tsx(654,27): error TS17004: Cannot use JSX unless the '--jsx' flag is provided.
src/pages/Products.tsx(656,29): error TS17004: Cannot use JSX unless the '--jsx' flag is provided.
src/pages/Products.tsx(659,31): error TS17004: Cannot use JSX unless the '--jsx' flag is provided.
src/pages/Products.tsx(660,33): error TS17004: Cannot use JSX unless the '--jsx' flag is provided.
src/pages/Products.tsx(665,35): error TS17004: Cannot use JSX unless the '--jsx' flag is provided.
src/pages/Products.tsx(666,35): error TS17004: Cannot use JSX unless the '--jsx' flag is provided.
src/pages/Products.tsx(671,31): error TS17004: Cannot use JSX unless the '--jsx' flag is provided.
src/pages/Products.tsx(673,35): error TS17004: Cannot use JSX unless the '--jsx' flag is provided.
src/pages/Products.tsx(674,37): error TS17004: Cannot use JSX unless the '--jsx' flag is provided.
src/pages/Products.tsx(675,39): error TS17004: Cannot use JSX unless the '--jsx' flag is provided.
src/pages/Products.tsx(677,37): error TS17004: Cannot use JSX unless the '--jsx' flag is provided.
src/pages/Products.tsx(678,39): error TS17004: Cannot use JSX unless the '--jsx' flag is provided.
src/pages/Products.tsx(685,31): error TS17004: Cannot use JSX unless the '--jsx' flag is provided.
src/pages/Products.tsx(687,35): error TS17004: Cannot use JSX unless the '--jsx' flag is provided.
src/pages/Products.tsx(688,37): error TS17004: Cannot use JSX unless the '--jsx' flag is provided.
src/pages/Products.tsx(689,37): error TS17004: Cannot use JSX unless the '--jsx' flag is provided.
src/pages/Products.tsx(698,35): error TS17004: Cannot use JSX unless the '--jsx' flag is provided.
src/pages/Products.tsx(705,31): error TS17004: Cannot use JSX unless the '--jsx' flag is provided.
src/pages/Products.tsx(706,33): error TS17004: Cannot use JSX unless the '--jsx' flag is provided.
src/pages/Products.tsx(713,35): error TS17004: Cannot use JSX unless the '--jsx' flag is provided.
src/pages/Products.tsx(721,35): error TS17004: Cannot use JSX unless the '--jsx' flag is provided.
src/pages/Products.tsx(726,31): error TS17004: Cannot use JSX unless the '--jsx' flag is provided.
src/pages/Products.tsx(727,33): error TS17004: Cannot use JSX unless the '--jsx' flag is provided.
src/pages/Products.tsx(728,35): error TS17004: Cannot use JSX unless the '--jsx' flag is provided.
src/pages/Products.tsx(730,33): error TS17004: Cannot use JSX unless the '--jsx' flag is provided.
src/pages/Products.tsx(731,35): error TS17004: Cannot use JSX unless the '--jsx' flag is provided.
src/pages/Products.tsx(738,33): error TS17004: Cannot use JSX unless the '--jsx' flag is provided.
src/pages/Products.tsx(742,37): error TS17004: Cannot use JSX unless the '--jsx' flag is provided.
src/pages/Products.tsx(743,39): error TS17004: Cannot use JSX unless the '--jsx' flag is provided.
src/pages/Products.tsx(743,121): error TS17004: Cannot use JSX unless the '--jsx' flag is provided.
src/pages/Products.tsx(744,39): error TS17004: Cannot use JSX unless the '--jsx' flag is provided.
src/pages/Products.tsx(745,41): error TS17004: Cannot use JSX unless the '--jsx' flag is provided.
src/pages/Products.tsx(746,43): error TS17004: Cannot use JSX unless the '--jsx' flag is provided.
src/pages/Products.tsx(747,45): error TS17004: Cannot use JSX unless the '--jsx' flag is provided.
src/pages/Products.tsx(748,47): error TS17004: Cannot use JSX unless the '--jsx' flag is provided.
src/pages/Products.tsx(749,47): error TS17004: Cannot use JSX unless the '--jsx' flag is provided.
src/pages/Products.tsx(750,47): error TS17004: Cannot use JSX unless the '--jsx' flag is provided.
src/pages/Products.tsx(751,47): error TS17004: Cannot use JSX unless the '--jsx' flag is provided.
src/pages/Products.tsx(754,43): error TS17004: Cannot use JSX unless the '--jsx' flag is provided.
src/pages/Products.tsx(756,47): error TS17004: Cannot use JSX unless the '--jsx' flag is provided.
src/pages/Products.tsx(757,49): error TS17004: Cannot use JSX unless the '--jsx' flag is provided.
src/pages/Products.tsx(760,49): error TS17004: Cannot use JSX unless the '--jsx' flag is provided.
src/pages/Products.tsx(761,49): error TS17004: Cannot use JSX unless the '--jsx' flag is provided.
src/pages/Products.tsx(762,49): error TS17004: Cannot use JSX unless the '--jsx' flag is provided.
src/pages/Products.tsx(772,37): error TS17004: Cannot use JSX unless the '--jsx' flag is provided.
src/pages/Products.tsx(773,39): error TS17004: Cannot use JSX unless the '--jsx' flag is provided.
src/pages/Products.tsx(774,41): error TS17004: Cannot use JSX unless the '--jsx' flag is provided.
src/pages/Products.tsx(774,125): error TS17004: Cannot use JSX unless the '--jsx' flag is provided.
src/pages/Products.tsx(775,41): error TS17004: Cannot use JSX unless the '--jsx' flag is provided.
src/pages/Products.tsx(777,39): error TS17004: Cannot use JSX unless the '--jsx' flag is provided.
src/pages/Products.tsx(779,43): error TS17004: Cannot use JSX unless the '--jsx' flag is provided.
src/pages/Products.tsx(780,45): error TS17004: Cannot use JSX unless the '--jsx' flag is provided.
src/pages/Products.tsx(781,47): error TS17004: Cannot use JSX unless the '--jsx' flag is provided.
src/pages/Products.tsx(782,47): error TS17004: Cannot use JSX unless the '--jsx' flag is provided.
src/pages/Products.tsx(784,45): error TS17004: Cannot use JSX unless the '--jsx' flag is provided.
src/pages/Products.tsx(785,45): error TS17004: Cannot use JSX unless the '--jsx' flag is provided.
src/pages/Products.tsx(786,47): error TS17004: Cannot use JSX unless the '--jsx' flag is provided.
src/pages/Products.tsx(787,47): error TS17004: Cannot use JSX unless the '--jsx' flag is provided.
src/pages/Products.tsx(789,45): error TS17004: Cannot use JSX unless the '--jsx' flag is provided.
src/pages/Products.tsx(789,151): error TS17004: Cannot use JSX unless the '--jsx' flag is provided.
src/pages/Products.tsx(807,17): error TS17004: Cannot use JSX unless the '--jsx' flag is provided.
src/pages/Products.tsx(809,19): error TS17004: Cannot use JSX unless the '--jsx' flag is provided.
src/pages/Products.tsx(810,21): error TS17004: Cannot use JSX unless the '--jsx' flag is provided.
src/pages/Products.tsx(811,21): error TS17004: Cannot use JSX unless the '--jsx' flag is provided.
src/pages/Products.tsx(817,19): error TS17004: Cannot use JSX unless the '--jsx' flag is provided.
src/pages/Products.tsx(818,21): error TS17004: Cannot use JSX unless the '--jsx' flag is provided.
src/pages/Products.tsx(819,21): error TS17004: Cannot use JSX unless the '--jsx' flag is provided.
src/pages/Products.tsx(831,21): error TS17004: Cannot use JSX unless the '--jsx' flag is provided.
src/pages/Products.tsx(841,23): error TS17004: Cannot use JSX unless the '--jsx' flag is provided.
src/pages/Products.tsx(843,25): error TS17004: Cannot use JSX unless the '--jsx' flag is provided.
src/pages/Products.tsx(844,27): error TS17004: Cannot use JSX unless the '--jsx' flag is provided.
src/pages/Products.tsx(845,29): error TS17004: Cannot use JSX unless the '--jsx' flag is provided.
src/pages/Products.tsx(846,29): error TS17004: Cannot use JSX unless the '--jsx' flag is provided.
src/pages/Products.tsx(847,31): error TS17004: Cannot use JSX unless the '--jsx' flag is provided.
src/pages/Products.tsx(848,31): error TS17004: Cannot use JSX unless the '--jsx' flag is provided.
src/pages/Products.tsx(860,27): error TS17004: Cannot use JSX unless the '--jsx' flag is provided.
src/pages/Products.tsx(861,29): error TS17004: Cannot use JSX unless the '--jsx' flag is provided.
src/pages/Products.tsx(866,31): error TS17004: Cannot use JSX unless the '--jsx' flag is provided.
src/pages/Products.tsx(867,31): error TS17004: Cannot use JSX unless the '--jsx' flag is provided.
src/pages/Products.tsx(869,29): error TS17004: Cannot use JSX unless the '--jsx' flag is provided.
src/pages/Products.tsx(874,31): error TS17004: Cannot use JSX unless the '--jsx' flag is provided.
src/pages/Products.tsx(874,161): error TS17004: Cannot use JSX unless the '--jsx' flag is provided.
src/pages/Products.tsx(875,31): error TS17004: Cannot use JSX unless the '--jsx' flag is provided.
src/pages/Products.tsx(880,29): error TS17004: Cannot use JSX unless the '--jsx' flag is provided.
src/pages/Products.tsx(881,31): error TS17004: Cannot use JSX unless the '--jsx' flag is provided.
src/pages/Products.tsx(882,33): error TS17004: Cannot use JSX unless the '--jsx' flag is provided.
src/pages/Products.tsx(883,33): error TS17004: Cannot use JSX unless the '--jsx' flag is provided.
src/pages/Products.tsx(887,31): error TS17004: Cannot use JSX unless the '--jsx' flag is provided.
src/pages/Products.tsx(888,33): error TS17004: Cannot use JSX unless the '--jsx' flag is provided.
src/pages/Products.tsx(889,33): error TS17004: Cannot use JSX unless the '--jsx' flag is provided.
src/pages/Products.tsx(893,31): error TS17004: Cannot use JSX unless the '--jsx' flag is provided.
src/pages/Products.tsx(896,31): error TS17004: Cannot use JSX unless the '--jsx' flag is provided.
src/pages/Products.tsx(904,25): error TS17004: Cannot use JSX unless the '--jsx' flag is provided.
src/pages/Products.tsx(905,27): error TS17004: Cannot use JSX unless the '--jsx' flag is provided.
src/pages/Products.tsx(907,29): error TS17004: Cannot use JSX unless the '--jsx' flag is provided.
src/pages/Products.tsx(908,31): error TS17004: Cannot use JSX unless the '--jsx' flag is provided.
src/pages/Products.tsx(910,33): error TS17004: Cannot use JSX unless the '--jsx' flag is provided.
src/pages/Products.tsx(918,29): error TS17004: Cannot use JSX unless the '--jsx' flag is provided.
src/pages/Products.tsx(919,31): error TS17004: Cannot use JSX unless the '--jsx' flag is provided.
src/pages/Products.tsx(921,31): error TS17004: Cannot use JSX unless the '--jsx' flag is provided.
src/pages/Products.tsx(933,31): error TS17004: Cannot use JSX unless the '--jsx' flag is provided.
src/pages/Products.tsx(934,33): error TS17004: Cannot use JSX unless the '--jsx' flag is provided.
src/pages/Products.tsx(937,33): error TS17004: Cannot use JSX unless the '--jsx' flag is provided.
src/pages/Products.tsx(951,15): error TS17004: Cannot use JSX unless the '--jsx' flag is provided.
src/pages/Products.tsx(955,17): error TS17004: Cannot use JSX unless the '--jsx' flag is provided.
src/pages/Products.tsx(956,17): error TS17004: Cannot use JSX unless the '--jsx' flag is provided.
src/pages/Products.tsx(956,72): error TS17004: Cannot use JSX unless the '--jsx' flag is provided.
src/pages/Products.tsx(966,9): error TS17004: Cannot use JSX unless the '--jsx' flag is provided.
src/pages/Products.tsx(967,11): error TS17004: Cannot use JSX unless the '--jsx' flag is provided.
src/pages/Products.tsx(972,13): error TS17004: Cannot use JSX unless the '--jsx' flag is provided.
src/pages/Products.tsx(973,15): error TS17004: Cannot use JSX unless the '--jsx' flag is provided.
src/pages/Products.tsx(974,17): error TS17004: Cannot use JSX unless the '--jsx' flag is provided.
src/pages/Products.tsx(975,17): error TS17004: Cannot use JSX unless the '--jsx' flag is provided.
src/pages/Products.tsx(976,19): error TS17004: Cannot use JSX unless the '--jsx' flag is provided.
src/pages/Products.tsx(979,15): error TS17004: Cannot use JSX unless the '--jsx' flag is provided.
src/pages/Products.tsx(980,17): error TS17004: Cannot use JSX unless the '--jsx' flag is provided.
src/pages/Products.tsx(981,17): error TS17004: Cannot use JSX unless the '--jsx' flag is provided.
src/pages/Products.tsx(993,13): error TS17004: Cannot use JSX unless the '--jsx' flag is provided.
src/pages/Products.tsx(1009,21): error TS17004: Cannot use JSX unless the '--jsx' flag is provided.
src/pages/Products.tsx(1021,23): error TS17004: Cannot use JSX unless the '--jsx' flag is provided.
src/pages/Products.tsx(1022,25): error TS17004: Cannot use JSX unless the '--jsx' flag is provided.
src/pages/Products.tsx(1023,25): error TS17004: Cannot use JSX unless the '--jsx' flag is provided.
src/pages/Products.tsx(1025,23): error TS17004: Cannot use JSX unless the '--jsx' flag is provided.
src/pages/Products.tsx(1026,25): error TS17004: Cannot use JSX unless the '--jsx' flag is provided.
src/pages/Products.tsx(1033,17): error TS17004: Cannot use JSX unless the '--jsx' flag is provided.
src/pages/Products.tsx(1044,11): error TS17004: Cannot use JSX unless the '--jsx' flag is provided.
src/pages/Products.tsx(1045,13): error TS17004: Cannot use JSX unless the '--jsx' flag is provided.
src/pages/Products.tsx(1046,15): error TS17004: Cannot use JSX unless the '--jsx' flag is provided.
src/pages/Products.tsx(1047,17): error TS17004: Cannot use JSX unless the '--jsx' flag is provided.
src/pages/Products.tsx(1048,19): error TS17004: Cannot use JSX unless the '--jsx' flag is provided.
src/pages/Products.tsx(1050,17): error TS17004: Cannot use JSX unless the '--jsx' flag is provided.
src/pages/Products.tsx(1051,19): error TS17004: Cannot use JSX unless the '--jsx' flag is provided.
src/pages/Products.tsx(1052,21): error TS17004: Cannot use JSX unless the '--jsx' flag is provided.
src/pages/Products.tsx(1053,21): error TS17004: Cannot use JSX unless the '--jsx' flag is provided.
src/pages/Products.tsx(1055,19): error TS17004: Cannot use JSX unless the '--jsx' flag is provided.
src/pages/Products.tsx(1061,21): error TS17004: Cannot use JSX unless the '--jsx' flag is provided.
src/pages/Products.tsx(1067,15): error TS17004: Cannot use JSX unless the '--jsx' flag is provided.
src/pages/Products.tsx(1068,45): error TS17004: Cannot use JSX unless the '--jsx' flag is provided.
src/pages/Products.tsx(1073,17): error TS17004: Cannot use JSX unless the '--jsx' flag is provided.
src/pages/Products.tsx(1074,19): error TS17004: Cannot use JSX unless the '--jsx' flag is provided.
src/pages/Products.tsx(1075,21): error TS17004: Cannot use JSX unless the '--jsx' flag is provided.
src/pages/Products.tsx(1078,19): error TS17004: Cannot use JSX unless the '--jsx' flag is provided.
src/pages/Products.tsx(1079,21): error TS17004: Cannot use JSX unless the '--jsx' flag is provided.
src/pages/Products.tsx(1080,23): error TS17004: Cannot use JSX unless the '--jsx' flag is provided.
src/pages/Products.tsx(1081,25): error TS17004: Cannot use JSX unless the '--jsx' flag is provided.
src/pages/Products.tsx(1082,27): error TS17004: Cannot use JSX unless the '--jsx' flag is provided.
src/pages/Products.tsx(1083,27): error TS17004: Cannot use JSX unless the '--jsx' flag is provided.
src/pages/Products.tsx(1084,27): error TS17004: Cannot use JSX unless the '--jsx' flag is provided.
src/pages/Products.tsx(1087,23): error TS17004: Cannot use JSX unless the '--jsx' flag is provided.
src/pages/Products.tsx(1089,27): error TS17004: Cannot use JSX unless the '--jsx' flag is provided.
src/pages/Products.tsx(1090,29): error TS17004: Cannot use JSX unless the '--jsx' flag is provided.
src/pages/Products.tsx(1091,29): error TS17004: Cannot use JSX unless the '--jsx' flag is provided.
src/pages/Products.tsx(1092,29): error TS17004: Cannot use JSX unless the '--jsx' flag is provided.
src/pages/Products.tsx(1093,31): error TS17004: Cannot use JSX unless the '--jsx' flag is provided.
src/pages/Products.tsx(1095,35): error TS17004: Cannot use JSX unless the '--jsx' flag is provided.
src/pages/Products.tsx(1096,37): error TS17004: Cannot use JSX unless the '--jsx' flag is provided.
src/pages/Products.tsx(1096,60): error TS17004: Cannot use JSX unless the '--jsx' flag is provided.
src/pages/Products.tsx(1100,35): error TS17004: Cannot use JSX unless the '--jsx' flag is provided.
src/pages/Products.tsx(1101,37): error TS17004: Cannot use JSX unless the '--jsx' flag is provided.
src/pages/Products.tsx(1101,57): error TS17004: Cannot use JSX unless the '--jsx' flag is provided.
src/pages/Products.tsx(1113,17): error TS17004: Cannot use JSX unless the '--jsx' flag is provided.
src/pages/Products.tsx(1114,19): error TS17004: Cannot use JSX unless the '--jsx' flag is provided.
src/pages/Products.tsx(1115,21): error TS17004: Cannot use JSX unless the '--jsx' flag is provided.
src/pages/Products.tsx(1116,23): error TS17004: Cannot use JSX unless the '--jsx' flag is provided.
src/pages/Products.tsx(1117,23): error TS17004: Cannot use JSX unless the '--jsx' flag is provided.
src/pages/Products.tsx(1119,21): error TS17004: Cannot use JSX unless the '--jsx' flag is provided.
src/pages/Products.tsx(1120,23): error TS17004: Cannot use JSX unless the '--jsx' flag is provided.
src/pages/Products.tsx(1121,23): error TS17004: Cannot use JSX unless the '--jsx' flag is provided.
src/pages/Products.tsx(1123,21): error TS17004: Cannot use JSX unless the '--jsx' flag is provided.
src/pages/Products.tsx(1124,23): error TS17004: Cannot use JSX unless the '--jsx' flag is provided.
src/pages/Products.tsx(1125,23): error TS17004: Cannot use JSX unless the '--jsx' flag is provided.
src/pages/Products.tsx(1129,19): error TS17004: Cannot use JSX unless the '--jsx' flag is provided.
src/pages/Products.tsx(1130,21): error TS17004: Cannot use JSX unless the '--jsx' flag is provided.
src/pages/Products.tsx(1133,19): error TS17004: Cannot use JSX unless the '--jsx' flag is provided.
src/pages/Products.tsx(1134,21): error TS17004: Cannot use JSX unless the '--jsx' flag is provided.
src/pages/Products.tsx(1135,23): error TS17004: Cannot use JSX unless the '--jsx' flag is provided.
src/pages/Products.tsx(1136,25): error TS17004: Cannot use JSX unless the '--jsx' flag is provided.
src/pages/Products.tsx(1137,27): error TS17004: Cannot use JSX unless the '--jsx' flag is provided.
src/pages/Products.tsx(1138,27): error TS17004: Cannot use JSX unless the '--jsx' flag is provided.
src/pages/Products.tsx(1139,27): error TS17004: Cannot use JSX unless the '--jsx' flag is provided.
src/pages/Products.tsx(1140,27): error TS17004: Cannot use JSX unless the '--jsx' flag is provided.
src/pages/Products.tsx(1143,23): error TS17004: Cannot use JSX unless the '--jsx' flag is provided.
src/pages/Products.tsx(1145,27): error TS17004: Cannot use JSX unless the '--jsx' flag is provided.
src/pages/Products.tsx(1146,29): error TS17004: Cannot use JSX unless the '--jsx' flag is provided.
src/pages/Products.tsx(1147,29): error TS17004: Cannot use JSX unless the '--jsx' flag is provided.
src/pages/Products.tsx(1148,29): error TS17004: Cannot use JSX unless the '--jsx' flag is provided.
src/pages/Products.tsx(1149,29): error TS17004: Cannot use JSX unless the '--jsx' flag is provided.
src/pages/Products.tsx(1153,23): error TS17004: Cannot use JSX unless the '--jsx' flag is provided.
src/pages/Products.tsx(1154,25): error TS17004: Cannot use JSX unless the '--jsx' flag is provided.
src/pages/Products.tsx(1155,27): error TS17004: Cannot use JSX unless the '--jsx' flag is provided.
src/pages/Products.tsx(1156,27): error TS17004: Cannot use JSX unless the '--jsx' flag is provided.
src/pages/Products.tsx(1166,15): error TS17004: Cannot use JSX unless the '--jsx' flag is provided.
src/pages/Products.tsx(1167,17): error TS17004: Cannot use JSX unless the '--jsx' flag is provided.
src/pages/Products.tsx(1170,17): error TS17004: Cannot use JSX unless the '--jsx' flag is provided.
src/pages/Products.tsx(1195,11): error TS17004: Cannot use JSX unless the '--jsx' flag is provided.
src/pages/Products.tsx(1196,13): error TS17004: Cannot use JSX unless the '--jsx' flag is provided.
src/pages/Products.tsx(1197,15): error TS17004: Cannot use JSX unless the '--jsx' flag is provided.
src/pages/Products.tsx(1198,17): error TS17004: Cannot use JSX unless the '--jsx' flag is provided.
src/pages/Products.tsx(1200,15): error TS17004: Cannot use JSX unless the '--jsx' flag is provided.
src/pages/Products.tsx(1201,17): error TS17004: Cannot use JSX unless the '--jsx' flag is provided.
src/pages/Products.tsx(1202,17): error TS17004: Cannot use JSX unless the '--jsx' flag is provided.
src/pages/Products.tsx(1203,50): error TS17004: Cannot use JSX unless the '--jsx' flag is provided.
src/pages/Products.tsx(1204,19): error TS17004: Cannot use JSX unless the '--jsx' flag is provided.
src/pages/Products.tsx(1205,19): error TS17004: Cannot use JSX unless the '--jsx' flag is provided.
src/pages/Products.tsx(1209,15): error TS17004: Cannot use JSX unless the '--jsx' flag is provided.
src/pages/Products.tsx(1210,17): error TS17004: Cannot use JSX unless the '--jsx' flag is provided.
src/pages/Products.tsx(1211,17): error TS17004: Cannot use JSX unless the '--jsx' flag is provided.
src/pages/Products.tsx(1212,17): error TS17004: Cannot use JSX unless the '--jsx' flag is provided.
src/pages/Products.tsx(1215,15): error TS17004: Cannot use JSX unless the '--jsx' flag is provided.
src/pages/Products.tsx(1229,11): error TS17004: Cannot use JSX unless the '--jsx' flag is provided.
src/pages/Products.tsx(1230,13): error TS17004: Cannot use JSX unless the '--jsx' flag is provided.
src/pages/Products.tsx(1231,15): error TS17004: Cannot use JSX unless the '--jsx' flag is provided.
src/pages/Products.tsx(1232,17): error TS17004: Cannot use JSX unless the '--jsx' flag is provided.
src/pages/Products.tsx(1233,19): error TS17004: Cannot use JSX unless the '--jsx' flag is provided.
src/pages/Products.tsx(1235,17): error TS17004: Cannot use JSX unless the '--jsx' flag is provided.
src/pages/Products.tsx(1239,19): error TS17004: Cannot use JSX unless the '--jsx' flag is provided.
src/pages/Products.tsx(1243,15): error TS17004: Cannot use JSX unless the '--jsx' flag is provided.
src/pages/Products.tsx(1244,17): error TS17004: Cannot use JSX unless the '--jsx' flag is provided.
src/pages/Products.tsx(1245,19): error TS17004: Cannot use JSX unless the '--jsx' flag is provided.
src/pages/Products.tsx(1246,19): error TS17004: Cannot use JSX unless the '--jsx' flag is provided.
src/pages/Products.tsx(1247,19): error TS17004: Cannot use JSX unless the '--jsx' flag is provided.
src/pages/Products.tsx(1247,91): error TS17004: Cannot use JSX unless the '--jsx' flag is provided.
src/pages/Products.tsx(1250,17): error TS17004: Cannot use JSX unless the '--jsx' flag is provided.
src/pages/Products.tsx(1251,19): error TS17004: Cannot use JSX unless the '--jsx' flag is provided.
src/pages/Products.tsx(1252,21): error TS17004: Cannot use JSX unless the '--jsx' flag is provided.
src/pages/Products.tsx(1253,21): error TS17004: Cannot use JSX unless the '--jsx' flag is provided.
src/pages/Products.tsx(1261,19): error TS17004: Cannot use JSX unless the '--jsx' flag is provided.
src/pages/Products.tsx(1262,21): error TS17004: Cannot use JSX unless the '--jsx' flag is provided.
src/pages/Products.tsx(1263,21): error TS17004: Cannot use JSX unless the '--jsx' flag is provided.
src/pages/Products.tsx(1274,17): error TS17004: Cannot use JSX unless the '--jsx' flag is provided.
src/pages/Products.tsx(1275,19): error TS17004: Cannot use JSX unless the '--jsx' flag is provided.
src/pages/Products.tsx(1276,21): error TS17004: Cannot use JSX unless the '--jsx' flag is provided.
src/pages/Products.tsx(1277,21): error TS17004: Cannot use JSX unless the '--jsx' flag is provided.
src/pages/Products.tsx(1281,17): error TS17004: Cannot use JSX unless the '--jsx' flag is provided.
src/pages/Products.tsx(1285,25): error TS17004: Cannot use JSX unless the '--jsx' flag is provided.
src/services/products.service.ts(2,25): error TS2307: Cannot find module '@/types' or its corresponding type declarations.
src/services/supabase.ts(4,21): error TS1343: The 'import.meta' meta-property is only allowed when the '--module' option is 'es2020', 'es2022', 'esnext', 'system', 'node16', 'node18', or 'nodenext'.
src/services/supabase.ts(4,33): error TS2339: Property 'env' does not exist on type 'ImportMeta'.
src/services/supabase.ts(5,25): error TS1343: The 'import.meta' meta-property is only allowed when the '--module' option is 'es2020', 'es2022', 'esnext', 'system', 'node16', 'node18', or 'nodenext'.
src/services/supabase.ts(5,37): error TS2339: Property 'env' does not exist on type 'ImportMeta'.
src/services/supabase.ts(9,3): error TS1343: The 'import.meta' meta-property is only allowed when the '--module' option is 'es2020', 'es2022', 'esnext', 'system', 'node16', 'node18', or 'nodenext'.
src/services/supabase.ts(9,15): error TS2339: Property 'env' does not exist on type 'ImportMeta'.
src/store.ts(3,118): error TS2307: Cannot find module '@/types' or its corresponding type declarations.
