node_modules/react-router-dom/dist/index.d.ts(1,69): error TS2307: Cannot find module 'react-router/dom' or its corresponding type declarations.
  There are types at 'C:/Users/Beto/Documents/APP/cost-margin-manager/node_modules/react-router/dist/development/dom-export.d.mts', but this result could not be resolved under your current 'moduleResolution' setting. Consider updating to 'node16', 'nodenext', or 'bundler'.
node_modules/react-router/dist/development/instrumentation-DvHY1sgY.d.ts(408,5): error TS18028: Private identifiers are only available when targeting ECMAScript 2015 and higher.
src/pages/Products.tsx(5,43): error TS2307: Cannot find module '@/core/financialMetricsEngine' or its corresponding type declarations.
src/pages/Products.tsx(6,84): error TS2307: Cannot find module '@/types' or its corresponding type declarations.
src/pages/Products.tsx(7,28): error TS2307: Cannot find module '@/components/ui/PageHeader' or its corresponding type declarations.
src/pages/Products.tsx(8,24): error TS2307: Cannot find module '@/components/ui/Button' or its corresponding type declarations.
src/pages/Products.tsx(9,23): error TS2307: Cannot find module '@/components/ui/Input' or its corresponding type declarations.
src/pages/Products.tsx(10,23): error TS2307: Cannot find module '@/components/ui/Badge' or its corresponding type declarations.
src/pages/Products.tsx(11,22): error TS2307: Cannot find module '@/components/ui/Card' or its corresponding type declarations.
src/pages/Products.tsx(12,24): error TS2307: Cannot find module '@/components/ui/Select' or its corresponding type declarations.
src/pages/Products.tsx(13,24): error TS2307: Cannot find module '@/design/design-tokens' or its corresponding type declarations.
src/pages/Products.tsx(14,29): error TS2307: Cannot find module '@/hooks/useCurrency' or its corresponding type declarations.
src/pages/Products.tsx(15,32): error TS2307: Cannot find module '@/utils/errorHandler' or its corresponding type declarations.
src/pages/Products.tsx(320,5): error TS17004: Cannot use JSX unless the '--jsx' flag is provided.
src/pages/Products.tsx(321,7): error TS17004: Cannot use JSX unless the '--jsx' flag is provided.
src/pages/Products.tsx(330,7): error TS17004: Cannot use JSX unless the '--jsx' flag is provided.
src/pages/Products.tsx(335,13): error TS17004: Cannot use JSX unless the '--jsx' flag is provided.
src/pages/Products.tsx(336,15): error TS17004: Cannot use JSX unless the '--jsx' flag is provided.
src/pages/Products.tsx(343,15): error TS17004: Cannot use JSX unless the '--jsx' flag is provided.
src/pages/Products.tsx(350,23): error TS17004: Cannot use JSX unless the '--jsx' flag is provided.
src/pages/Products.tsx(360,7): error TS17004: Cannot use JSX unless the '--jsx' flag is provided.
src/pages/Products.tsx(362,9): error TS17004: Cannot use JSX unless the '--jsx' flag is provided.
src/pages/Products.tsx(363,11): error TS17004: Cannot use JSX unless the '--jsx' flag is provided.
src/pages/Products.tsx(364,11): error TS17004: Cannot use JSX unless the '--jsx' flag is provided.
src/pages/Products.tsx(371,13): error TS17004: Cannot use JSX unless the '--jsx' flag is provided.
src/pages/Products.tsx(375,15): error TS17004: Cannot use JSX unless the '--jsx' flag is provided.
src/pages/Products.tsx(381,9): error TS17004: Cannot use JSX unless the '--jsx' flag is provided.
src/pages/Products.tsx(382,11): error TS17004: Cannot use JSX unless the '--jsx' flag is provided.
src/pages/Products.tsx(383,13): error TS17004: Cannot use JSX unless the '--jsx' flag is provided.
src/pages/Products.tsx(384,13): error TS17004: Cannot use JSX unless the '--jsx' flag is provided.
src/pages/Products.tsx(390,15): error TS17004: Cannot use JSX unless the '--jsx' flag is provided.
src/pages/Products.tsx(391,15): error TS17004: Cannot use JSX unless the '--jsx' flag is provided.
src/pages/Products.tsx(392,15): error TS17004: Cannot use JSX unless the '--jsx' flag is provided.
src/pages/Products.tsx(396,11): error TS17004: Cannot use JSX unless the '--jsx' flag is provided.
src/pages/Products.tsx(397,13): error TS17004: Cannot use JSX unless the '--jsx' flag is provided.
src/pages/Products.tsx(402,7): error TS17004: Cannot use JSX unless the '--jsx' flag is provided.
src/pages/Products.tsx(404,9): error TS17004: Cannot use JSX unless the '--jsx' flag is provided.
src/pages/Products.tsx(409,15): error TS17004: Cannot use JSX unless the '--jsx' flag is provided.
src/pages/Products.tsx(410,17): error TS17004: Cannot use JSX unless the '--jsx' flag is provided.
src/pages/Products.tsx(411,19): error TS17004: Cannot use JSX unless the '--jsx' flag is provided.
src/pages/Products.tsx(412,21): error TS17004: Cannot use JSX unless the '--jsx' flag is provided.
src/pages/Products.tsx(413,21): error TS17004: Cannot use JSX unless the '--jsx' flag is provided.
src/pages/Products.tsx(415,19): error TS17004: Cannot use JSX unless the '--jsx' flag is provided.
src/pages/Products.tsx(420,17): error TS17004: Cannot use JSX unless the '--jsx' flag is provided.
src/pages/Products.tsx(421,19): error TS17004: Cannot use JSX unless the '--jsx' flag is provided.
src/pages/Products.tsx(422,21): error TS17004: Cannot use JSX unless the '--jsx' flag is provided.
src/pages/Products.tsx(423,21): error TS17004: Cannot use JSX unless the '--jsx' flag is provided.
src/pages/Products.tsx(425,19): error TS17004: Cannot use JSX unless the '--jsx' flag is provided.
src/pages/Products.tsx(426,21): error TS17004: Cannot use JSX unless the '--jsx' flag is provided.
src/pages/Products.tsx(427,21): error TS17004: Cannot use JSX unless the '--jsx' flag is provided.
src/pages/Products.tsx(431,17): error TS17004: Cannot use JSX unless the '--jsx' flag is provided.
src/pages/Products.tsx(432,19): error TS17004: Cannot use JSX unless the '--jsx' flag is provided.
src/pages/Products.tsx(433,21): error TS17004: Cannot use JSX unless the '--jsx' flag is provided.
src/pages/Products.tsx(436,21): error TS17004: Cannot use JSX unless the '--jsx' flag is provided.
src/pages/Products.tsx(437,23): error TS17004: Cannot use JSX unless the '--jsx' flag is provided.
src/pages/Products.tsx(441,21): error TS17004: Cannot use JSX unless the '--jsx' flag is provided.
src/pages/Products.tsx(454,23): error TS17004: Cannot use JSX unless the '--jsx' flag is provided.
src/pages/Products.tsx(460,23): error TS17004: Cannot use JSX unless the '--jsx' flag is provided.
src/pages/Products.tsx(468,25): error TS17004: Cannot use JSX unless the '--jsx' flag is provided.
src/pages/Products.tsx(471,23): error TS17004: Cannot use JSX unless the '--jsx' flag is provided.
src/pages/Products.tsx(479,25): error TS17004: Cannot use JSX unless the '--jsx' flag is provided.
src/pages/Products.tsx(488,13): error TS17004: Cannot use JSX unless the '--jsx' flag is provided.
src/pages/Products.tsx(493,9): error TS17004: Cannot use JSX unless the '--jsx' flag is provided.
src/pages/Products.tsx(494,11): error TS17004: Cannot use JSX unless the '--jsx' flag is provided.
src/pages/Products.tsx(495,13): error TS17004: Cannot use JSX unless the '--jsx' flag is provided.
src/pages/Products.tsx(496,15): error TS17004: Cannot use JSX unless the '--jsx' flag is provided.
src/pages/Products.tsx(497,17): error TS17004: Cannot use JSX unless the '--jsx' flag is provided.
src/pages/Products.tsx(498,19): error TS17004: Cannot use JSX unless the '--jsx' flag is provided.
src/pages/Products.tsx(499,19): error TS17004: Cannot use JSX unless the '--jsx' flag is provided.
src/pages/Products.tsx(500,19): error TS17004: Cannot use JSX unless the '--jsx' flag is provided.
src/pages/Products.tsx(501,19): error TS17004: Cannot use JSX unless the '--jsx' flag is provided.
src/pages/Products.tsx(502,19): error TS17004: Cannot use JSX unless the '--jsx' flag is provided.
src/pages/Products.tsx(503,19): error TS17004: Cannot use JSX unless the '--jsx' flag is provided.
src/pages/Products.tsx(506,15): error TS17004: Cannot use JSX unless the '--jsx' flag is provided.
src/pages/Products.tsx(511,21): error TS17004: Cannot use JSX unless the '--jsx' flag is provided.
src/pages/Products.tsx(512,23): error TS17004: Cannot use JSX unless the '--jsx' flag is provided.
src/pages/Products.tsx(513,23): error TS17004: Cannot use JSX unless the '--jsx' flag is provided.
src/pages/Products.tsx(514,23): error TS17004: Cannot use JSX unless the '--jsx' flag is provided.
src/pages/Products.tsx(515,23): error TS17004: Cannot use JSX unless the '--jsx' flag is provided.
src/pages/Products.tsx(516,23): error TS17004: Cannot use JSX unless the '--jsx' flag is provided.
src/pages/Products.tsx(517,25): error TS17004: Cannot use JSX unless the '--jsx' flag is provided.
src/pages/Products.tsx(521,23): error TS17004: Cannot use JSX unless the '--jsx' flag is provided.
src/pages/Products.tsx(522,25): error TS17004: Cannot use JSX unless the '--jsx' flag is provided.
src/pages/Products.tsx(523,27): error TS17004: Cannot use JSX unless the '--jsx' flag is provided.
src/pages/Products.tsx(524,29): error TS17004: Cannot use JSX unless the '--jsx' flag is provided.
src/pages/Products.tsx(527,29): error TS17004: Cannot use JSX unless the '--jsx' flag is provided.
src/pages/Products.tsx(528,31): error TS17004: Cannot use JSX unless the '--jsx' flag is provided.
src/pages/Products.tsx(532,29): error TS17004: Cannot use JSX unless the '--jsx' flag is provided.
src/pages/Products.tsx(543,31): error TS17004: Cannot use JSX unless the '--jsx' flag is provided.
src/pages/Products.tsx(549,31): error TS17004: Cannot use JSX unless the '--jsx' flag is provided.
src/pages/Products.tsx(558,33): error TS17004: Cannot use JSX unless the '--jsx' flag is provided.
src/pages/Products.tsx(561,31): error TS17004: Cannot use JSX unless the '--jsx' flag is provided.
src/pages/Products.tsx(570,33): error TS17004: Cannot use JSX unless the '--jsx' flag is provided.
src/pages/Products.tsx(580,19): error TS17004: Cannot use JSX unless the '--jsx' flag is provided.
src/pages/Products.tsx(581,21): error TS17004: Cannot use JSX unless the '--jsx' flag is provided.
src/pages/Products.tsx(594,11): error TS17004: Cannot use JSX unless the '--jsx' flag is provided.
src/pages/Products.tsx(601,13): error TS17004: Cannot use JSX unless the '--jsx' flag is provided.
src/pages/Products.tsx(602,15): error TS17004: Cannot use JSX unless the '--jsx' flag is provided.
src/pages/Products.tsx(603,17): error TS17004: Cannot use JSX unless the '--jsx' flag is provided.
src/pages/Products.tsx(604,17): error TS17004: Cannot use JSX unless the '--jsx' flag is provided.
src/pages/Products.tsx(604,85): error TS17004: Cannot use JSX unless the '--jsx' flag is provided.
src/pages/Products.tsx(607,15): error TS17004: Cannot use JSX unless the '--jsx' flag is provided.
src/pages/Products.tsx(609,17): error TS17004: Cannot use JSX unless the '--jsx' flag is provided.
src/pages/Products.tsx(610,19): error TS17004: Cannot use JSX unless the '--jsx' flag is provided.
src/pages/Products.tsx(611,21): error TS17004: Cannot use JSX unless the '--jsx' flag is provided.
src/pages/Products.tsx(618,21): error TS17004: Cannot use JSX unless the '--jsx' flag is provided.
src/pages/Products.tsx(626,19): error TS17004: Cannot use JSX unless the '--jsx' flag is provided.
src/pages/Products.tsx(627,21): error TS17004: Cannot use JSX unless the '--jsx' flag is provided.
src/pages/Products.tsx(628,23): error TS17004: Cannot use JSX unless the '--jsx' flag is provided.
src/pages/Products.tsx(629,25): error TS17004: Cannot use JSX unless the '--jsx' flag is provided.
src/pages/Products.tsx(630,25): error TS17004: Cannot use JSX unless the '--jsx' flag is provided.
src/pages/Products.tsx(644,25): error TS17004: Cannot use JSX unless the '--jsx' flag is provided.
src/pages/Products.tsx(660,33): error TS17004: Cannot use JSX unless the '--jsx' flag is provided.
src/pages/Products.tsx(677,35): error TS17004: Cannot use JSX unless the '--jsx' flag is provided.
src/pages/Products.tsx(678,37): error TS17004: Cannot use JSX unless the '--jsx' flag is provided.
src/pages/Products.tsx(679,37): error TS17004: Cannot use JSX unless the '--jsx' flag is provided.
src/pages/Products.tsx(681,35): error TS17004: Cannot use JSX unless the '--jsx' flag is provided.
src/pages/Products.tsx(682,37): error TS17004: Cannot use JSX unless the '--jsx' flag is provided.
src/pages/Products.tsx(689,29): error TS17004: Cannot use JSX unless the '--jsx' flag is provided.
src/pages/Products.tsx(695,21): error TS17004: Cannot use JSX unless the '--jsx' flag is provided.
src/pages/Products.tsx(727,27): error TS17004: Cannot use JSX unless the '--jsx' flag is provided.
src/pages/Products.tsx(729,29): error TS17004: Cannot use JSX unless the '--jsx' flag is provided.
src/pages/Products.tsx(732,31): error TS17004: Cannot use JSX unless the '--jsx' flag is provided.
src/pages/Products.tsx(733,33): error TS17004: Cannot use JSX unless the '--jsx' flag is provided.
src/pages/Products.tsx(738,35): error TS17004: Cannot use JSX unless the '--jsx' flag is provided.
src/pages/Products.tsx(739,35): error TS17004: Cannot use JSX unless the '--jsx' flag is provided.
src/pages/Products.tsx(744,31): error TS17004: Cannot use JSX unless the '--jsx' flag is provided.
src/pages/Products.tsx(746,35): error TS17004: Cannot use JSX unless the '--jsx' flag is provided.
src/pages/Products.tsx(747,37): error TS17004: Cannot use JSX unless the '--jsx' flag is provided.
src/pages/Products.tsx(748,39): error TS17004: Cannot use JSX unless the '--jsx' flag is provided.
src/pages/Products.tsx(750,37): error TS17004: Cannot use JSX unless the '--jsx' flag is provided.
src/pages/Products.tsx(751,39): error TS17004: Cannot use JSX unless the '--jsx' flag is provided.
src/pages/Products.tsx(758,31): error TS17004: Cannot use JSX unless the '--jsx' flag is provided.
src/pages/Products.tsx(760,35): error TS17004: Cannot use JSX unless the '--jsx' flag is provided.
src/pages/Products.tsx(761,37): error TS17004: Cannot use JSX unless the '--jsx' flag is provided.
src/pages/Products.tsx(762,37): error TS17004: Cannot use JSX unless the '--jsx' flag is provided.
src/pages/Products.tsx(771,35): error TS17004: Cannot use JSX unless the '--jsx' flag is provided.
src/pages/Products.tsx(778,31): error TS17004: Cannot use JSX unless the '--jsx' flag is provided.
src/pages/Products.tsx(779,33): error TS17004: Cannot use JSX unless the '--jsx' flag is provided.
src/pages/Products.tsx(786,35): error TS17004: Cannot use JSX unless the '--jsx' flag is provided.
src/pages/Products.tsx(794,35): error TS17004: Cannot use JSX unless the '--jsx' flag is provided.
src/pages/Products.tsx(799,31): error TS17004: Cannot use JSX unless the '--jsx' flag is provided.
src/pages/Products.tsx(800,33): error TS17004: Cannot use JSX unless the '--jsx' flag is provided.
src/pages/Products.tsx(801,35): error TS17004: Cannot use JSX unless the '--jsx' flag is provided.
src/pages/Products.tsx(803,33): error TS17004: Cannot use JSX unless the '--jsx' flag is provided.
src/pages/Products.tsx(804,35): error TS17004: Cannot use JSX unless the '--jsx' flag is provided.
src/pages/Products.tsx(811,33): error TS17004: Cannot use JSX unless the '--jsx' flag is provided.
src/pages/Products.tsx(815,37): error TS17004: Cannot use JSX unless the '--jsx' flag is provided.
src/pages/Products.tsx(816,39): error TS17004: Cannot use JSX unless the '--jsx' flag is provided.
src/pages/Products.tsx(816,121): error TS17004: Cannot use JSX unless the '--jsx' flag is provided.
src/pages/Products.tsx(817,39): error TS17004: Cannot use JSX unless the '--jsx' flag is provided.
src/pages/Products.tsx(818,41): error TS17004: Cannot use JSX unless the '--jsx' flag is provided.
src/pages/Products.tsx(819,43): error TS17004: Cannot use JSX unless the '--jsx' flag is provided.
src/pages/Products.tsx(820,45): error TS17004: Cannot use JSX unless the '--jsx' flag is provided.
src/pages/Products.tsx(821,47): error TS17004: Cannot use JSX unless the '--jsx' flag is provided.
src/pages/Products.tsx(822,47): error TS17004: Cannot use JSX unless the '--jsx' flag is provided.
src/pages/Products.tsx(823,47): error TS17004: Cannot use JSX unless the '--jsx' flag is provided.
src/pages/Products.tsx(824,47): error TS17004: Cannot use JSX unless the '--jsx' flag is provided.
src/pages/Products.tsx(827,43): error TS17004: Cannot use JSX unless the '--jsx' flag is provided.
src/pages/Products.tsx(829,47): error TS17004: Cannot use JSX unless the '--jsx' flag is provided.
src/pages/Products.tsx(830,49): error TS17004: Cannot use JSX unless the '--jsx' flag is provided.
src/pages/Products.tsx(833,49): error TS17004: Cannot use JSX unless the '--jsx' flag is provided.
src/pages/Products.tsx(834,49): error TS17004: Cannot use JSX unless the '--jsx' flag is provided.
src/pages/Products.tsx(835,49): error TS17004: Cannot use JSX unless the '--jsx' flag is provided.
src/pages/Products.tsx(845,37): error TS17004: Cannot use JSX unless the '--jsx' flag is provided.
src/pages/Products.tsx(846,39): error TS17004: Cannot use JSX unless the '--jsx' flag is provided.
src/pages/Products.tsx(847,41): error TS17004: Cannot use JSX unless the '--jsx' flag is provided.
src/pages/Products.tsx(847,125): error TS17004: Cannot use JSX unless the '--jsx' flag is provided.
src/pages/Products.tsx(848,41): error TS17004: Cannot use JSX unless the '--jsx' flag is provided.
src/pages/Products.tsx(850,39): error TS17004: Cannot use JSX unless the '--jsx' flag is provided.
src/pages/Products.tsx(852,43): error TS17004: Cannot use JSX unless the '--jsx' flag is provided.
src/pages/Products.tsx(853,45): error TS17004: Cannot use JSX unless the '--jsx' flag is provided.
src/pages/Products.tsx(854,47): error TS17004: Cannot use JSX unless the '--jsx' flag is provided.
src/pages/Products.tsx(855,47): error TS17004: Cannot use JSX unless the '--jsx' flag is provided.
src/pages/Products.tsx(857,45): error TS17004: Cannot use JSX unless the '--jsx' flag is provided.
src/pages/Products.tsx(858,45): error TS17004: Cannot use JSX unless the '--jsx' flag is provided.
src/pages/Products.tsx(859,47): error TS17004: Cannot use JSX unless the '--jsx' flag is provided.
src/pages/Products.tsx(860,47): error TS17004: Cannot use JSX unless the '--jsx' flag is provided.
src/pages/Products.tsx(862,45): error TS17004: Cannot use JSX unless the '--jsx' flag is provided.
src/pages/Products.tsx(862,151): error TS17004: Cannot use JSX unless the '--jsx' flag is provided.
src/pages/Products.tsx(880,17): error TS17004: Cannot use JSX unless the '--jsx' flag is provided.
src/pages/Products.tsx(882,19): error TS17004: Cannot use JSX unless the '--jsx' flag is provided.
src/pages/Products.tsx(883,21): error TS17004: Cannot use JSX unless the '--jsx' flag is provided.
src/pages/Products.tsx(884,21): error TS17004: Cannot use JSX unless the '--jsx' flag is provided.
src/pages/Products.tsx(890,19): error TS17004: Cannot use JSX unless the '--jsx' flag is provided.
src/pages/Products.tsx(891,21): error TS17004: Cannot use JSX unless the '--jsx' flag is provided.
src/pages/Products.tsx(892,21): error TS17004: Cannot use JSX unless the '--jsx' flag is provided.
src/pages/Products.tsx(904,21): error TS17004: Cannot use JSX unless the '--jsx' flag is provided.
src/pages/Products.tsx(914,23): error TS17004: Cannot use JSX unless the '--jsx' flag is provided.
src/pages/Products.tsx(916,25): error TS17004: Cannot use JSX unless the '--jsx' flag is provided.
src/pages/Products.tsx(917,27): error TS17004: Cannot use JSX unless the '--jsx' flag is provided.
src/pages/Products.tsx(918,29): error TS17004: Cannot use JSX unless the '--jsx' flag is provided.
src/pages/Products.tsx(919,29): error TS17004: Cannot use JSX unless the '--jsx' flag is provided.
src/pages/Products.tsx(920,31): error TS17004: Cannot use JSX unless the '--jsx' flag is provided.
src/pages/Products.tsx(921,31): error TS17004: Cannot use JSX unless the '--jsx' flag is provided.
src/pages/Products.tsx(933,27): error TS17004: Cannot use JSX unless the '--jsx' flag is provided.
src/pages/Products.tsx(934,29): error TS17004: Cannot use JSX unless the '--jsx' flag is provided.
src/pages/Products.tsx(939,31): error TS17004: Cannot use JSX unless the '--jsx' flag is provided.
src/pages/Products.tsx(940,31): error TS17004: Cannot use JSX unless the '--jsx' flag is provided.
src/pages/Products.tsx(942,29): error TS17004: Cannot use JSX unless the '--jsx' flag is provided.
src/pages/Products.tsx(947,31): error TS17004: Cannot use JSX unless the '--jsx' flag is provided.
src/pages/Products.tsx(947,161): error TS17004: Cannot use JSX unless the '--jsx' flag is provided.
src/pages/Products.tsx(948,31): error TS17004: Cannot use JSX unless the '--jsx' flag is provided.
src/pages/Products.tsx(953,29): error TS17004: Cannot use JSX unless the '--jsx' flag is provided.
src/pages/Products.tsx(954,31): error TS17004: Cannot use JSX unless the '--jsx' flag is provided.
src/pages/Products.tsx(955,33): error TS17004: Cannot use JSX unless the '--jsx' flag is provided.
src/pages/Products.tsx(956,33): error TS17004: Cannot use JSX unless the '--jsx' flag is provided.
src/pages/Products.tsx(960,31): error TS17004: Cannot use JSX unless the '--jsx' flag is provided.
src/pages/Products.tsx(961,33): error TS17004: Cannot use JSX unless the '--jsx' flag is provided.
src/pages/Products.tsx(962,33): error TS17004: Cannot use JSX unless the '--jsx' flag is provided.
src/pages/Products.tsx(966,31): error TS17004: Cannot use JSX unless the '--jsx' flag is provided.
src/pages/Products.tsx(969,31): error TS17004: Cannot use JSX unless the '--jsx' flag is provided.
src/pages/Products.tsx(977,25): error TS17004: Cannot use JSX unless the '--jsx' flag is provided.
src/pages/Products.tsx(978,27): error TS17004: Cannot use JSX unless the '--jsx' flag is provided.
src/pages/Products.tsx(980,29): error TS17004: Cannot use JSX unless the '--jsx' flag is provided.
src/pages/Products.tsx(981,31): error TS17004: Cannot use JSX unless the '--jsx' flag is provided.
src/pages/Products.tsx(983,33): error TS17004: Cannot use JSX unless the '--jsx' flag is provided.
src/pages/Products.tsx(991,29): error TS17004: Cannot use JSX unless the '--jsx' flag is provided.
src/pages/Products.tsx(992,31): error TS17004: Cannot use JSX unless the '--jsx' flag is provided.
src/pages/Products.tsx(994,31): error TS17004: Cannot use JSX unless the '--jsx' flag is provided.
src/pages/Products.tsx(1006,31): error TS17004: Cannot use JSX unless the '--jsx' flag is provided.
src/pages/Products.tsx(1007,33): error TS17004: Cannot use JSX unless the '--jsx' flag is provided.
src/pages/Products.tsx(1010,33): error TS17004: Cannot use JSX unless the '--jsx' flag is provided.
src/pages/Products.tsx(1024,15): error TS17004: Cannot use JSX unless the '--jsx' flag is provided.
src/pages/Products.tsx(1028,17): error TS17004: Cannot use JSX unless the '--jsx' flag is provided.
src/pages/Products.tsx(1029,17): error TS17004: Cannot use JSX unless the '--jsx' flag is provided.
src/pages/Products.tsx(1029,72): error TS17004: Cannot use JSX unless the '--jsx' flag is provided.
src/pages/Products.tsx(1039,9): error TS17004: Cannot use JSX unless the '--jsx' flag is provided.
src/pages/Products.tsx(1040,11): error TS17004: Cannot use JSX unless the '--jsx' flag is provided.
src/pages/Products.tsx(1045,13): error TS17004: Cannot use JSX unless the '--jsx' flag is provided.
src/pages/Products.tsx(1046,15): error TS17004: Cannot use JSX unless the '--jsx' flag is provided.
src/pages/Products.tsx(1047,17): error TS17004: Cannot use JSX unless the '--jsx' flag is provided.
src/pages/Products.tsx(1048,17): error TS17004: Cannot use JSX unless the '--jsx' flag is provided.
src/pages/Products.tsx(1049,19): error TS17004: Cannot use JSX unless the '--jsx' flag is provided.
src/pages/Products.tsx(1052,15): error TS17004: Cannot use JSX unless the '--jsx' flag is provided.
src/pages/Products.tsx(1053,17): error TS17004: Cannot use JSX unless the '--jsx' flag is provided.
src/pages/Products.tsx(1054,17): error TS17004: Cannot use JSX unless the '--jsx' flag is provided.
src/pages/Products.tsx(1066,13): error TS17004: Cannot use JSX unless the '--jsx' flag is provided.
src/pages/Products.tsx(1088,21): error TS17004: Cannot use JSX unless the '--jsx' flag is provided.
src/pages/Products.tsx(1109,23): error TS17004: Cannot use JSX unless the '--jsx' flag is provided.
src/pages/Products.tsx(1111,23): error TS17004: Cannot use JSX unless the '--jsx' flag is provided.
src/pages/Products.tsx(1115,23): error TS17004: Cannot use JSX unless the '--jsx' flag is provided.
src/pages/Products.tsx(1123,17): error TS17004: Cannot use JSX unless the '--jsx' flag is provided.
src/pages/Products.tsx(1134,11): error TS17004: Cannot use JSX unless the '--jsx' flag is provided.
src/pages/Products.tsx(1135,13): error TS17004: Cannot use JSX unless the '--jsx' flag is provided.
src/pages/Products.tsx(1136,15): error TS17004: Cannot use JSX unless the '--jsx' flag is provided.
src/pages/Products.tsx(1137,17): error TS17004: Cannot use JSX unless the '--jsx' flag is provided.
src/pages/Products.tsx(1138,19): error TS17004: Cannot use JSX unless the '--jsx' flag is provided.
src/pages/Products.tsx(1140,17): error TS17004: Cannot use JSX unless the '--jsx' flag is provided.
src/pages/Products.tsx(1141,19): error TS17004: Cannot use JSX unless the '--jsx' flag is provided.
src/pages/Products.tsx(1142,21): error TS17004: Cannot use JSX unless the '--jsx' flag is provided.
src/pages/Products.tsx(1143,21): error TS17004: Cannot use JSX unless the '--jsx' flag is provided.
src/pages/Products.tsx(1145,19): error TS17004: Cannot use JSX unless the '--jsx' flag is provided.
src/pages/Products.tsx(1151,21): error TS17004: Cannot use JSX unless the '--jsx' flag is provided.
src/pages/Products.tsx(1157,15): error TS17004: Cannot use JSX unless the '--jsx' flag is provided.
src/pages/Products.tsx(1158,45): error TS17004: Cannot use JSX unless the '--jsx' flag is provided.
src/pages/Products.tsx(1163,17): error TS17004: Cannot use JSX unless the '--jsx' flag is provided.
src/pages/Products.tsx(1164,19): error TS17004: Cannot use JSX unless the '--jsx' flag is provided.
src/pages/Products.tsx(1165,21): error TS17004: Cannot use JSX unless the '--jsx' flag is provided.
src/pages/Products.tsx(1168,19): error TS17004: Cannot use JSX unless the '--jsx' flag is provided.
src/pages/Products.tsx(1169,21): error TS17004: Cannot use JSX unless the '--jsx' flag is provided.
src/pages/Products.tsx(1170,23): error TS17004: Cannot use JSX unless the '--jsx' flag is provided.
src/pages/Products.tsx(1171,25): error TS17004: Cannot use JSX unless the '--jsx' flag is provided.
src/pages/Products.tsx(1172,27): error TS17004: Cannot use JSX unless the '--jsx' flag is provided.
src/pages/Products.tsx(1173,27): error TS17004: Cannot use JSX unless the '--jsx' flag is provided.
src/pages/Products.tsx(1174,27): error TS17004: Cannot use JSX unless the '--jsx' flag is provided.
src/pages/Products.tsx(1177,23): error TS17004: Cannot use JSX unless the '--jsx' flag is provided.
src/pages/Products.tsx(1179,27): error TS17004: Cannot use JSX unless the '--jsx' flag is provided.
src/pages/Products.tsx(1180,29): error TS17004: Cannot use JSX unless the '--jsx' flag is provided.
src/pages/Products.tsx(1181,29): error TS17004: Cannot use JSX unless the '--jsx' flag is provided.
src/pages/Products.tsx(1182,29): error TS17004: Cannot use JSX unless the '--jsx' flag is provided.
src/pages/Products.tsx(1183,31): error TS17004: Cannot use JSX unless the '--jsx' flag is provided.
src/pages/Products.tsx(1185,35): error TS17004: Cannot use JSX unless the '--jsx' flag is provided.
src/pages/Products.tsx(1186,37): error TS17004: Cannot use JSX unless the '--jsx' flag is provided.
src/pages/Products.tsx(1186,60): error TS17004: Cannot use JSX unless the '--jsx' flag is provided.
src/pages/Products.tsx(1190,35): error TS17004: Cannot use JSX unless the '--jsx' flag is provided.
src/pages/Products.tsx(1191,37): error TS17004: Cannot use JSX unless the '--jsx' flag is provided.
src/pages/Products.tsx(1191,57): error TS17004: Cannot use JSX unless the '--jsx' flag is provided.
src/pages/Products.tsx(1203,17): error TS17004: Cannot use JSX unless the '--jsx' flag is provided.
src/pages/Products.tsx(1204,19): error TS17004: Cannot use JSX unless the '--jsx' flag is provided.
src/pages/Products.tsx(1205,21): error TS17004: Cannot use JSX unless the '--jsx' flag is provided.
src/pages/Products.tsx(1206,23): error TS17004: Cannot use JSX unless the '--jsx' flag is provided.
src/pages/Products.tsx(1207,23): error TS17004: Cannot use JSX unless the '--jsx' flag is provided.
src/pages/Products.tsx(1209,21): error TS17004: Cannot use JSX unless the '--jsx' flag is provided.
src/pages/Products.tsx(1210,23): error TS17004: Cannot use JSX unless the '--jsx' flag is provided.
src/pages/Products.tsx(1211,23): error TS17004: Cannot use JSX unless the '--jsx' flag is provided.
src/pages/Products.tsx(1213,21): error TS17004: Cannot use JSX unless the '--jsx' flag is provided.
src/pages/Products.tsx(1214,23): error TS17004: Cannot use JSX unless the '--jsx' flag is provided.
src/pages/Products.tsx(1215,23): error TS17004: Cannot use JSX unless the '--jsx' flag is provided.
src/pages/Products.tsx(1219,19): error TS17004: Cannot use JSX unless the '--jsx' flag is provided.
src/pages/Products.tsx(1220,21): error TS17004: Cannot use JSX unless the '--jsx' flag is provided.
src/pages/Products.tsx(1223,19): error TS17004: Cannot use JSX unless the '--jsx' flag is provided.
src/pages/Products.tsx(1224,21): error TS17004: Cannot use JSX unless the '--jsx' flag is provided.
src/pages/Products.tsx(1225,23): error TS17004: Cannot use JSX unless the '--jsx' flag is provided.
src/pages/Products.tsx(1226,25): error TS17004: Cannot use JSX unless the '--jsx' flag is provided.
src/pages/Products.tsx(1227,27): error TS17004: Cannot use JSX unless the '--jsx' flag is provided.
src/pages/Products.tsx(1228,27): error TS17004: Cannot use JSX unless the '--jsx' flag is provided.
src/pages/Products.tsx(1229,27): error TS17004: Cannot use JSX unless the '--jsx' flag is provided.
src/pages/Products.tsx(1230,27): error TS17004: Cannot use JSX unless the '--jsx' flag is provided.
src/pages/Products.tsx(1233,23): error TS17004: Cannot use JSX unless the '--jsx' flag is provided.
src/pages/Products.tsx(1235,27): error TS17004: Cannot use JSX unless the '--jsx' flag is provided.
src/pages/Products.tsx(1236,29): error TS17004: Cannot use JSX unless the '--jsx' flag is provided.
src/pages/Products.tsx(1237,29): error TS17004: Cannot use JSX unless the '--jsx' flag is provided.
src/pages/Products.tsx(1238,29): error TS17004: Cannot use JSX unless the '--jsx' flag is provided.
src/pages/Products.tsx(1239,29): error TS17004: Cannot use JSX unless the '--jsx' flag is provided.
src/pages/Products.tsx(1243,23): error TS17004: Cannot use JSX unless the '--jsx' flag is provided.
src/pages/Products.tsx(1244,25): error TS17004: Cannot use JSX unless the '--jsx' flag is provided.
src/pages/Products.tsx(1245,27): error TS17004: Cannot use JSX unless the '--jsx' flag is provided.
src/pages/Products.tsx(1246,27): error TS17004: Cannot use JSX unless the '--jsx' flag is provided.
src/pages/Products.tsx(1256,15): error TS17004: Cannot use JSX unless the '--jsx' flag is provided.
src/pages/Products.tsx(1257,17): error TS17004: Cannot use JSX unless the '--jsx' flag is provided.
src/pages/Products.tsx(1260,17): error TS17004: Cannot use JSX unless the '--jsx' flag is provided.
src/pages/Products.tsx(1285,11): error TS17004: Cannot use JSX unless the '--jsx' flag is provided.
src/pages/Products.tsx(1286,13): error TS17004: Cannot use JSX unless the '--jsx' flag is provided.
src/pages/Products.tsx(1287,15): error TS17004: Cannot use JSX unless the '--jsx' flag is provided.
src/pages/Products.tsx(1288,17): error TS17004: Cannot use JSX unless the '--jsx' flag is provided.
src/pages/Products.tsx(1290,15): error TS17004: Cannot use JSX unless the '--jsx' flag is provided.
src/pages/Products.tsx(1291,17): error TS17004: Cannot use JSX unless the '--jsx' flag is provided.
src/pages/Products.tsx(1292,17): error TS17004: Cannot use JSX unless the '--jsx' flag is provided.
src/pages/Products.tsx(1293,50): error TS17004: Cannot use JSX unless the '--jsx' flag is provided.
src/pages/Products.tsx(1294,19): error TS17004: Cannot use JSX unless the '--jsx' flag is provided.
src/pages/Products.tsx(1295,19): error TS17004: Cannot use JSX unless the '--jsx' flag is provided.
src/pages/Products.tsx(1299,15): error TS17004: Cannot use JSX unless the '--jsx' flag is provided.
src/pages/Products.tsx(1300,17): error TS17004: Cannot use JSX unless the '--jsx' flag is provided.
src/pages/Products.tsx(1301,17): error TS17004: Cannot use JSX unless the '--jsx' flag is provided.
src/pages/Products.tsx(1302,17): error TS17004: Cannot use JSX unless the '--jsx' flag is provided.
src/pages/Products.tsx(1305,15): error TS17004: Cannot use JSX unless the '--jsx' flag is provided.
src/pages/Products.tsx(1319,11): error TS17004: Cannot use JSX unless the '--jsx' flag is provided.
src/pages/Products.tsx(1320,13): error TS17004: Cannot use JSX unless the '--jsx' flag is provided.
src/pages/Products.tsx(1321,15): error TS17004: Cannot use JSX unless the '--jsx' flag is provided.
src/pages/Products.tsx(1322,17): error TS17004: Cannot use JSX unless the '--jsx' flag is provided.
src/pages/Products.tsx(1323,19): error TS17004: Cannot use JSX unless the '--jsx' flag is provided.
src/pages/Products.tsx(1325,17): error TS17004: Cannot use JSX unless the '--jsx' flag is provided.
src/pages/Products.tsx(1329,19): error TS17004: Cannot use JSX unless the '--jsx' flag is provided.
src/pages/Products.tsx(1333,15): error TS17004: Cannot use JSX unless the '--jsx' flag is provided.
src/pages/Products.tsx(1334,17): error TS17004: Cannot use JSX unless the '--jsx' flag is provided.
src/pages/Products.tsx(1335,19): error TS17004: Cannot use JSX unless the '--jsx' flag is provided.
src/pages/Products.tsx(1336,19): error TS17004: Cannot use JSX unless the '--jsx' flag is provided.
src/pages/Products.tsx(1337,19): error TS17004: Cannot use JSX unless the '--jsx' flag is provided.
src/pages/Products.tsx(1337,91): error TS17004: Cannot use JSX unless the '--jsx' flag is provided.
src/pages/Products.tsx(1340,17): error TS17004: Cannot use JSX unless the '--jsx' flag is provided.
src/pages/Products.tsx(1341,19): error TS17004: Cannot use JSX unless the '--jsx' flag is provided.
src/pages/Products.tsx(1342,21): error TS17004: Cannot use JSX unless the '--jsx' flag is provided.
src/pages/Products.tsx(1343,21): error TS17004: Cannot use JSX unless the '--jsx' flag is provided.
src/pages/Products.tsx(1351,19): error TS17004: Cannot use JSX unless the '--jsx' flag is provided.
src/pages/Products.tsx(1352,21): error TS17004: Cannot use JSX unless the '--jsx' flag is provided.
src/pages/Products.tsx(1353,21): error TS17004: Cannot use JSX unless the '--jsx' flag is provided.
src/pages/Products.tsx(1364,17): error TS17004: Cannot use JSX unless the '--jsx' flag is provided.
src/pages/Products.tsx(1365,19): error TS17004: Cannot use JSX unless the '--jsx' flag is provided.
src/pages/Products.tsx(1366,21): error TS17004: Cannot use JSX unless the '--jsx' flag is provided.
src/pages/Products.tsx(1367,21): error TS17004: Cannot use JSX unless the '--jsx' flag is provided.
src/pages/Products.tsx(1371,17): error TS17004: Cannot use JSX unless the '--jsx' flag is provided.
src/pages/Products.tsx(1375,25): error TS17004: Cannot use JSX unless the '--jsx' flag is provided.
src/services/products.service.ts(2,25): error TS2307: Cannot find module '@/types' or its corresponding type declarations.
src/services/supabase.ts(4,21): error TS1343: The 'import.meta' meta-property is only allowed when the '--module' option is 'es2020', 'es2022', 'esnext', 'system', 'node16', 'node18', or 'nodenext'.
src/services/supabase.ts(4,33): error TS2339: Property 'env' does not exist on type 'ImportMeta'.
src/services/supabase.ts(5,25): error TS1343: The 'import.meta' meta-property is only allowed when the '--module' option is 'es2020', 'es2022', 'esnext', 'system', 'node16', 'node18', or 'nodenext'.
src/services/supabase.ts(5,37): error TS2339: Property 'env' does not exist on type 'ImportMeta'.
src/services/supabase.ts(9,3): error TS1343: The 'import.meta' meta-property is only allowed when the '--module' option is 'es2020', 'es2022', 'esnext', 'system', 'node16', 'node18', or 'nodenext'.
src/services/supabase.ts(9,15): error TS2339: Property 'env' does not exist on type 'ImportMeta'.
src/store.ts(3,118): error TS2307: Cannot find module '@/types' or its corresponding type declarations.
